// Jest Snapshot v1, https://goo.gl/fbAQLP

exports[`matches snapshot 1`] = `
<DocumentFragment>
  <div>
    <h2>
      Sign Up
    </h2>
    <form
      class="SignupForm"
    >
      <label>
         Username
        <input
          name="username"
          type="text"
          value=""
        />
      </label>
      <label>
         Password
        <input
          name="password"
          type="text"
          value=""
        />
      </label>
      <label>
        First Name
        <input
          name="firstName"
          type="text"
          value=""
        />
      </label>
      <label>
        Last Name
        <input
          name="lastName"
          type="text"
          value=""
        />
      </label>
      <label>
        Email
        <input
          name="email"
          type="email"
          value=""
        />
      </label>
      <button
        class="btn btn-primary float-right"
      >
        Submit
      </button>
    </form>
  </div>
</DocumentFragment>
`;
